auxiliary scripts: null
certificates: null
era: Shelley
fee: 32 Lovelace
inputs:
- fe5dd07fb576bff960d6e066eade5b26cdb5afebe29f76ea58d0a098bce5d891#29
metadata: null
mint: null
outputs:
- address: addr_test1vz7w0r9epak6nmnh3mc8e2ypkjyu8zsc3xf7dpct6k577acxmcfyv
  address era: Shelley
  amount: 31 Lovelace
  network: Testnet
  payment credential:
    key hash: bce78cb90f6da9ee778ef07ca881b489c38a188993e6870bd5a9ef77
  stake reference: null
update proposal: null
validity range:
  time to live: 33
withdrawals:
- address: stake_test1up00fz9lyqs5sjks82k22eqz7a9srym9vysjgp3h2ua2v2cm522kg
  amount: 42 Lovelace
  credential:
    key hash: 5ef488bf2021484ad03aaca56402f74b0193656121240637573aa62b
  network: Testnet
